main.c:79:5:main	8	static
main.c:172:6:SystemClock_Config	72	static
main.c:208:13:MX_TIM2_Init	32	static
main.c:253:13:MX_GPIO_Init	32	static
main.c:302:6:update7SEG	16	static
main.c:333:6:HAL_TIM_PeriodElapsedCallback	16	static
main.c:338:6:display7SEG	16	static
main.c:431:6:updateClockBuffer	4	static
main.c:446:6:clearLED	8	static
main.c:451:6:updateLEDMatrix	16	static
main.c:546:6:displayLEDMatrix	16	static
main.c:557:6:clearENM	8	static
main.c:568:6:Error_Handler	4	static,ignoring_inline_asm
