main.c:80:5:main	8	static
main.c:135:6:SystemClock_Config	72	static
main.c:171:13:MX_TIM2_Init	32	static
main.c:216:13:MX_GPIO_Init	32	static
main.c:265:6:update7SEG	16	static
main.c:296:6:HAL_TIM_PeriodElapsedCallback	16	static
main.c:301:6:display7SEG	16	static
main.c:394:6:updateClockBuffer	4	static
main.c:409:6:clearLED	8	static
main.c:414:6:updateLEDMatrix	16	static
main.c:510:6:displayLEDMatrix	16	static
main.c:521:6:clearENM	8	static
main.c:527:6:rotate	16	static
main.c:540:6:Error_Handler	4	static,ignoring_inline_asm
