00:09:16 **** Incremental Build of configuration Debug for project Lab Template ****
make -j4 all 
arm-none-eabi-gcc "../Core/Src/main.c" -mcpu=cortex-m3 -std=gnu11 -g3 -DDEBUG -DUSE_HAL_DRIVER -DSTM32F103x6 -c -I../Core/Inc -I../Drivers/STM32F1xx_HAL_Driver/Inc -I../Drivers/STM32F1xx_HAL_Driver/Inc/Legacy -I../Drivers/CMSIS/Device/ST/STM32F1xx/Include -I../Drivers/CMSIS/Include -O0 -ffunction-sections -fdata-sections -Wall -fstack-usage -MMD -MP -MF"Core/Src/main.d" -MT"Core/Src/main.o" --specs=nano.specs -mfloat-abi=soft -mthumb -o "Core/Src/main.o"
arm-none-eabi-gcc -o "Lab Template.elf" @"objects.list"   -mcpu=cortex-m3 -T"F:\Minh Duc\STUDY\HCMUT\Junior\221\MPU - MCU\Labs\Lab Exercises\Lab 2\Lab Template\STM32F103C6UX_FLASH.ld" --specs=nosys.specs -Wl,-Map="Lab Template.map" -Wl,--gc-sections -static --specs=nano.specs -mfloat-abi=soft -mthumb -Wl,--start-group -lc -lm -Wl,--end-group
Finished building target: Lab Template.elf
 
arm-none-eabi-size   Lab\ Template.elf 
arm-none-eabi-objdump -h -S  Lab\ Template.elf  > "Lab Template.list"
arm-none-eabi-objcopy  -O ihex  Lab\ Template.elf  "Lab Template.hex"
   text	   data	    bss	    dec	    hex	filename
   8636	     48	   1672	  10356	   2874	Lab Template.elf
arm-none-eabi-objcopy  -O binary  Lab\ Template.elf  "Lab Template.bin"
Finished building: default.size.stdout
 
Finished building: Lab Template.bin
Finished building: Lab Template.hex
 
Finished building: Lab Template.list
 
 

00:09:20 Build Finished. 0 errors, 0 warnings. (took 3s.617ms)

